******************************************************************************
            TI ARM Clang Linker PC v4.0.3                      
******************************************************************************
>> Linked Mon Jul 21 20:55:48 2025

OUTPUT FILE NAME:   <empty_LP_MSPM0G3507_nortos_ticlang.out>
ENTRY POINT SYMBOL: "_c_int00_noargs"  address: 000004f1


MEMORY CONFIGURATION

         name            origin    length      used     unused   attr    fill
----------------------  --------  ---------  --------  --------  ----  --------
  FLASH                 00000000   00020000  000005b8  0001fa48  R  X
  SRAM                  20200000   00008000  00000201  00007dff  RW X
  BCR_CONFIG            41c00000   000000ff  00000000  000000ff  R   
  BSL_CONFIG            41c00100   00000080  00000000  00000080  R   


SEGMENT ALLOCATION MAP

run origin  load origin   length   init length attrs members
----------  ----------- ---------- ----------- ----- -------
00000000    00000000    000005b8   000005b8    r-x
  00000000    00000000    000000c0   000000c0    r-- .intvecs
  000000c0    000000c0    000004c0   000004c0    r-x .text
  00000580    00000580    00000020   00000020    r-- .rodata
  000005a0    000005a0    00000018   00000018    r-- .cinit
20200000    20200000    00000001   00000000    rw-
  20200000    20200000    00000001   00000000    rw- .data
20207e00    20207e00    00000200   00000000    rw-
  20207e00    20207e00    00000200   00000000    rw- .stack


SECTION ALLOCATION MAP

 output                                  attributes/
section   page    origin      length       input sections
--------  ----  ----------  ----------   ----------------
.intvecs   0    00000000    000000c0     
                  00000000    000000c0     startup_mspm0g350x_ticlang.o (.intvecs)

.text      0    000000c0    000004c0     
                  000000c0    000000fc     empty.o (.text.main)
                  000001bc    0000009a     libc.a : memcpy16.S.obj (.text:memcpy)
                  00000256    00000002     startup_mspm0g350x_ticlang.o (.text.Default_Handler)
                  00000258    0000007c     libc.a : copy_decompress_lzss.c.obj (.text:decompress:lzss)
                  000002d4    0000006c     ti_msp_dl_config.o (.text.SYSCFG_DL_UART_0_init)
                  00000340    00000054     ti_msp_dl_config.o (.text.SYSCFG_DL_GPIO_init)
                  00000394    00000048     driverlib.a : dl_uart.o (.text.DL_UART_init)
                  000003dc    0000003c     ti_msp_dl_config.o (.text.SYSCFG_DL_SYSCTL_init)
                  00000418    0000003c     libc.a : autoinit.c.obj (.text:__TI_auto_init_nobinit_nopinit)
                  00000454    00000038     empty.o (.text.UART0_IRQHandler)
                  0000048c    00000034     ti_msp_dl_config.o (.text.SYSCFG_DL_initPower)
                  000004c0    00000030     ti_msp_dl_config.o (.text.SYSCFG_DL_SYSTICK_init)
                  000004f0    00000028     libc.a : boot_cortex_m.c.obj (.text:_c_int00_noargs)
                  00000518    00000018     ti_msp_dl_config.o (.text.SYSCFG_DL_init)
                  00000530    00000012     driverlib.a : dl_uart.o (.text.DL_UART_setClockConfig)
                  00000542    00000012     libc.a : copy_decompress_none.c.obj (.text:decompress:none)
                  00000554    0000000a     driverlib.a : dl_common.o (.text.DL_Common_delayCycles)
                  0000055e    00000002     --HOLE-- [fill = 0]
                  00000560    00000008     libclang_rt.builtins.a : aeabi_memcpy.S.obj (.text.__aeabi_memcpy)
                  00000568    00000006     libc.a : exit.c.obj (.text:abort)
                  0000056e    00000004     libsysbm.a : hostexit.c.obj (.text.HOSTexit)
                  00000572    00000004     startup_mspm0g350x_ticlang.o (.text.Reset_Handler)
                  00000576    00000004     libc.a : pre_init.c.obj (.text._system_pre_init)
                  0000057a    00000006     --HOLE-- [fill = 0]

.cinit     0    000005a0    00000018     
                  000005a0    00000008     (__TI_handler_table)
                  000005a8    00000005     (.cinit..data.load) [load image, compression = lzss]
                  000005ad    00000003     --HOLE-- [fill = 0]
                  000005b0    00000008     (__TI_cinit_table)

.rodata    0    00000580    00000020     
                  00000580    00000013     empty.o (.rodata.str1.9517790425240694019.1)
                  00000593    00000001     --HOLE-- [fill = 0]
                  00000594    0000000a     ti_msp_dl_config.o (.rodata.gUART_0Config)
                  0000059e    00000002     ti_msp_dl_config.o (.rodata.gUART_0ClockConfig)

.init_array 
*          0    00000000    00000000     UNINITIALIZED

.binit     0    00000000    00000000     

.data      0    20200000    00000001     UNINITIALIZED
                  20200000    00000001     empty.o (.data.uart_data)

.stack     0    20207e00    00000200     UNINITIALIZED
                  20207e00    00000004     libc.a : boot_cortex_m.c.obj (.stack)
                  20207e04    000001fc     --HOLE--

__llvm_prf_cnts 
*          0    20200000    00000000     UNINITIALIZED

__llvm_prf_bits 
*          0    20200000    00000000     UNINITIALIZED

MODULE SUMMARY

       Module                         code   ro data   rw data
       ------                         ----   -------   -------
    .\
       ti_msp_dl_config.o             376    12        0      
       empty.o                        308    19        1      
       startup_mspm0g350x_ticlang.o   6      192       0      
    +--+------------------------------+------+---------+---------+
       Total:                         690    223       1      
                                                              
    C:/TI/mspm0_sdk_2_05_01_00/source/ti/driverlib/lib/ticlang/m0p/mspm0g1x0x_g3x0x/driverlib.a
       dl_uart.o                      90     0         0      
       dl_common.o                    10     0         0      
    +--+------------------------------+------+---------+---------+
       Total:                         100    0         0      
                                                              
    C:\TI\ccs2020\ccs\tools\compiler\ti-cgt-armllvm_4.0.3.LTS\lib\armv6m-ti-none-eabi/c/libc.a
       memcpy16.S.obj                 154    0         0      
       copy_decompress_lzss.c.obj     124    0         0      
       autoinit.c.obj                 60     0         0      
       boot_cortex_m.c.obj            40     0         0      
       copy_decompress_none.c.obj     18     0         0      
       exit.c.obj                     6      0         0      
       pre_init.c.obj                 4      0         0      
    +--+------------------------------+------+---------+---------+
       Total:                         406    0         0      
                                                              
    C:\TI\ccs2020\ccs\tools\compiler\ti-cgt-armllvm_4.0.3.LTS\lib\armv6m-ti-none-eabi/c/libsysbm.a
       hostexit.c.obj                 4      0         0      
    +--+------------------------------+------+---------+---------+
       Total:                         4      0         0      
                                                              
    C:\TI\ccs2020\ccs\tools\compiler\ti-cgt-armllvm_4.0.3.LTS\lib\armv6m-ti-none-eabi/libclang_rt.builtins.a
       aeabi_memcpy.S.obj             8      0         0      
    +--+------------------------------+------+---------+---------+
       Total:                         8      0         0      
                                                              
       Stack:                         0      0         512    
       Linker Generated:              0      21        0      
    +--+------------------------------+------+---------+---------+
       Grand Total:                   1208   244       513    


LINKER GENERATED COPY TABLES

__TI_cinit_table @ 000005b0 records: 1, size/record: 8, table size: 8
	.data: load addr=000005a8, load size=00000005 bytes, run addr=20200000, run size=00000001 bytes, compression=lzss


LINKER GENERATED HANDLER TABLE

__TI_handler_table @ 000005a0 records: 2, size/record: 4, table size: 8
	index: 0, handler: __TI_decompress_lzss
	index: 1, handler: __TI_decompress_none


GLOBAL SYMBOLS: SORTED ALPHABETICALLY BY Name 

address   name                          
-------   ----                          
00000257  ADC0_IRQHandler               
00000257  ADC1_IRQHandler               
00000257  AES_IRQHandler                
0000056e  C$$EXIT                       
00000257  CANFD0_IRQHandler             
00000257  DAC0_IRQHandler               
00000555  DL_Common_delayCycles         
00000395  DL_UART_init                  
00000531  DL_UART_setClockConfig        
00000257  DMA_IRQHandler                
00000257  Default_Handler               
00000257  GROUP0_IRQHandler             
00000257  GROUP1_IRQHandler             
0000056f  HOSTexit                      
00000257  HardFault_Handler             
00000257  I2C0_IRQHandler               
00000257  I2C1_IRQHandler               
00000257  NMI_Handler                   
00000257  PendSV_Handler                
00000257  RTC_IRQHandler                
00000573  Reset_Handler                 
00000257  SPI0_IRQHandler               
00000257  SPI1_IRQHandler               
00000257  SVC_Handler                   
00000341  SYSCFG_DL_GPIO_init           
000003dd  SYSCFG_DL_SYSCTL_init         
000004c1  SYSCFG_DL_SYSTICK_init        
000002d5  SYSCFG_DL_UART_0_init         
00000519  SYSCFG_DL_init                
0000048d  SYSCFG_DL_initPower           
00000257  SysTick_Handler               
00000257  TIMA0_IRQHandler              
00000257  TIMA1_IRQHandler              
00000257  TIMG0_IRQHandler              
00000257  TIMG12_IRQHandler             
00000257  TIMG6_IRQHandler              
00000257  TIMG7_IRQHandler              
00000257  TIMG8_IRQHandler              
00000455  UART0_IRQHandler              
00000257  UART1_IRQHandler              
00000257  UART2_IRQHandler              
00000257  UART3_IRQHandler              
20208000  __STACK_END                   
00000200  __STACK_SIZE                  
00000000  __TI_ATRegion0_region_sz      
00000000  __TI_ATRegion0_src_addr       
00000000  __TI_ATRegion0_trg_addr       
00000000  __TI_ATRegion1_region_sz      
00000000  __TI_ATRegion1_src_addr       
00000000  __TI_ATRegion1_trg_addr       
00000000  __TI_ATRegion2_region_sz      
00000000  __TI_ATRegion2_src_addr       
00000000  __TI_ATRegion2_trg_addr       
000005b0  __TI_CINIT_Base               
000005b8  __TI_CINIT_Limit              
000005b8  __TI_CINIT_Warm               
000005a0  __TI_Handler_Table_Base       
000005a8  __TI_Handler_Table_Limit      
00000419  __TI_auto_init_nobinit_nopinit
00000259  __TI_decompress_lzss          
00000543  __TI_decompress_none          
ffffffff  __TI_pprof_out_hndl           
ffffffff  __TI_prof_data_size           
ffffffff  __TI_prof_data_start          
00000000  __TI_static_base__            
00000561  __aeabi_memcpy                
00000561  __aeabi_memcpy4               
00000561  __aeabi_memcpy8               
ffffffff  __binit__                     
UNDEFED   __mpu_init                    
20207e00  __stack                       
20200000  __start___llvm_prf_bits       
20200000  __start___llvm_prf_cnts       
20200000  __stop___llvm_prf_bits        
20200000  __stop___llvm_prf_cnts        
000004f1  _c_int00_noargs               
UNDEFED   _system_post_cinit            
00000577  _system_pre_init              
00000569  abort                         
ffffffff  binit                         
00000000  interruptVectors              
000000c1  main                          
000001bd  memcpy                        
20200000  uart_data                     


GLOBAL SYMBOLS: SORTED BY Symbol Address 

address   name                          
-------   ----                          
00000000  __TI_ATRegion0_region_sz      
00000000  __TI_ATRegion0_src_addr       
00000000  __TI_ATRegion0_trg_addr       
00000000  __TI_ATRegion1_region_sz      
00000000  __TI_ATRegion1_src_addr       
00000000  __TI_ATRegion1_trg_addr       
00000000  __TI_ATRegion2_region_sz      
00000000  __TI_ATRegion2_src_addr       
00000000  __TI_ATRegion2_trg_addr       
00000000  __TI_static_base__            
00000000  interruptVectors              
000000c1  main                          
000001bd  memcpy                        
00000200  __STACK_SIZE                  
00000257  ADC0_IRQHandler               
00000257  ADC1_IRQHandler               
00000257  AES_IRQHandler                
00000257  CANFD0_IRQHandler             
00000257  DAC0_IRQHandler               
00000257  DMA_IRQHandler                
00000257  Default_Handler               
00000257  GROUP0_IRQHandler             
00000257  GROUP1_IRQHandler             
00000257  HardFault_Handler             
00000257  I2C0_IRQHandler               
00000257  I2C1_IRQHandler               
00000257  NMI_Handler                   
00000257  PendSV_Handler                
00000257  RTC_IRQHandler                
00000257  SPI0_IRQHandler               
00000257  SPI1_IRQHandler               
00000257  SVC_Handler                   
00000257  SysTick_Handler               
00000257  TIMA0_IRQHandler              
00000257  TIMA1_IRQHandler              
00000257  TIMG0_IRQHandler              
00000257  TIMG12_IRQHandler             
00000257  TIMG6_IRQHandler              
00000257  TIMG7_IRQHandler              
00000257  TIMG8_IRQHandler              
00000257  UART1_IRQHandler              
00000257  UART2_IRQHandler              
00000257  UART3_IRQHandler              
00000259  __TI_decompress_lzss          
000002d5  SYSCFG_DL_UART_0_init         
00000341  SYSCFG_DL_GPIO_init           
00000395  DL_UART_init                  
000003dd  SYSCFG_DL_SYSCTL_init         
00000419  __TI_auto_init_nobinit_nopinit
00000455  UART0_IRQHandler              
0000048d  SYSCFG_DL_initPower           
000004c1  SYSCFG_DL_SYSTICK_init        
000004f1  _c_int00_noargs               
00000519  SYSCFG_DL_init                
00000531  DL_UART_setClockConfig        
00000543  __TI_decompress_none          
00000555  DL_Common_delayCycles         
00000561  __aeabi_memcpy                
00000561  __aeabi_memcpy4               
00000561  __aeabi_memcpy8               
00000569  abort                         
0000056e  C$$EXIT                       
0000056f  HOSTexit                      
00000573  Reset_Handler                 
00000577  _system_pre_init              
000005a0  __TI_Handler_Table_Base       
000005a8  __TI_Handler_Table_Limit      
000005b0  __TI_CINIT_Base               
000005b8  __TI_CINIT_Limit              
000005b8  __TI_CINIT_Warm               
20200000  __start___llvm_prf_bits       
20200000  __start___llvm_prf_cnts       
20200000  __stop___llvm_prf_bits        
20200000  __stop___llvm_prf_cnts        
20200000  uart_data                     
20207e00  __stack                       
20208000  __STACK_END                   
ffffffff  __TI_pprof_out_hndl           
ffffffff  __TI_prof_data_size           
ffffffff  __TI_prof_data_start          
ffffffff  __binit__                     
ffffffff  binit                         
UNDEFED   __mpu_init                    
UNDEFED   _system_post_cinit            

[84 symbols]
