******************************************************************************
            TI ARM Clang Linker PC v4.0.3                      
******************************************************************************
>> Linked Sat Jul 19 21:11:19 2025

OUTPUT FILE NAME:   <empty_LP_MSPM0G3507_nortos_ticlang.out>
ENTRY POINT SYMBOL: "_c_int00_noinit_noargs"  address: 000001cd


MEMORY CONFIGURATION

         name            origin    length      used     unused   attr    fill
----------------------  --------  ---------  --------  --------  ----  --------
  FLASH                 00000000   00020000  00000230  0001fdd0  R  X
  SRAM                  20200000   00008000  00000200  00007e00  RW X
  BCR_CONFIG            41c00000   000000ff  00000000  000000ff  R   
  BSL_CONFIG            41c00100   00000080  00000000  00000080  R   


SEGMENT ALLOCATION MAP

run origin  load origin   length   init length attrs members
----------  ----------- ---------- ----------- ----- -------
00000000    00000000    00000230   00000230    r-x
  00000000    00000000    000000c0   000000c0    r-- .intvecs
  000000c0    000000c0    00000170   00000170    r-x .text
20207e00    20207e00    00000200   00000000    rw-
  20207e00    20207e00    00000200   00000000    rw- .stack


SECTION ALLOCATION MAP

 output                                  attributes/
section   page    origin      length       input sections
--------  ----  ----------  ----------   ----------------
.intvecs   0    00000000    000000c0     
                  00000000    000000c0     startup_mspm0g350x_ticlang.o (.intvecs)

.text      0    000000c0    00000170     
                  000000c0    00000048     ti_msp_dl_config.o (.text.SYSCFG_DL_GPIO_init)
                  00000108    00000040     ti_msp_dl_config.o (.text.SYSCFG_DL_SYSCTL_init)
                  00000148    00000030     ti_msp_dl_config.o (.text.SYSCFG_DL_SYSTICK_init)
                  00000178    0000002c     ti_msp_dl_config.o (.text.SYSCFG_DL_initPower)
                  000001a4    00000028     empty.o (.text.GROUP1_IRQHandler)
                  000001cc    00000020     libc.a : boot_cortex_m.c.obj (.text:_c_int00_noinit_noargs)
                  000001ec    00000014     ti_msp_dl_config.o (.text.SYSCFG_DL_init)
                  00000200    00000010     empty.o (.text.main)
                  00000210    0000000a     driverlib.a : dl_common.o (.text.DL_Common_delayCycles)
                  0000021a    00000006     libc.a : exit.c.obj (.text:abort)
                  00000220    00000004     libsysbm.a : hostexit.c.obj (.text.HOSTexit)
                  00000224    00000004     startup_mspm0g350x_ticlang.o (.text.Reset_Handler)
                  00000228    00000004     libc.a : pre_init.c.obj (.text._system_pre_init)
                  0000022c    00000002     startup_mspm0g350x_ticlang.o (.text.Default_Handler)
                  0000022e    00000002     --HOLE-- [fill = 0]

.cinit     0    00000000    00000000     

.init_array 
*          0    00000000    00000000     UNINITIALIZED

.binit     0    00000000    00000000     

.stack     0    20207e00    00000200     UNINITIALIZED
                  20207e00    00000004     libc.a : boot_cortex_m.c.obj (.stack)
                  20207e04    000001fc     --HOLE--

__llvm_prf_cnts 
*          0    20200000    00000000     UNINITIALIZED

__llvm_prf_bits 
*          0    20200000    00000000     UNINITIALIZED

MODULE SUMMARY

       Module                         code   ro data   rw data
       ------                         ----   -------   -------
    .\
       ti_msp_dl_config.o             248    0         0      
       startup_mspm0g350x_ticlang.o   6      192       0      
       empty.o                        56     0         0      
    +--+------------------------------+------+---------+---------+
       Total:                         310    192       0      
                                                              
    C:/TI/mspm0_sdk_2_05_01_00/source/ti/driverlib/lib/ticlang/m0p/mspm0g1x0x_g3x0x/driverlib.a
       dl_common.o                    10     0         0      
    +--+------------------------------+------+---------+---------+
       Total:                         10     0         0      
                                                              
    C:\TI\ccs2020\ccs\tools\compiler\ti-cgt-armllvm_4.0.3.LTS\lib\armv6m-ti-none-eabi/c/libc.a
       boot_cortex_m.c.obj            32     0         0      
       exit.c.obj                     6      0         0      
       pre_init.c.obj                 4      0         0      
    +--+------------------------------+------+---------+---------+
       Total:                         42     0         0      
                                                              
    C:\TI\ccs2020\ccs\tools\compiler\ti-cgt-armllvm_4.0.3.LTS\lib\armv6m-ti-none-eabi/c/libsysbm.a
       hostexit.c.obj                 4      0         0      
    +--+------------------------------+------+---------+---------+
       Total:                         4      0         0      
                                                              
       Stack:                         0      0         512    
    +--+------------------------------+------+---------+---------+
       Grand Total:                   366    192       512    


GLOBAL SYMBOLS: SORTED ALPHABETICALLY BY Name 

address   name                    
-------   ----                    
0000022d  ADC0_IRQHandler         
0000022d  ADC1_IRQHandler         
0000022d  AES_IRQHandler          
00000220  C$$EXIT                 
0000022d  CANFD0_IRQHandler       
0000022d  DAC0_IRQHandler         
00000211  DL_Common_delayCycles   
0000022d  DMA_IRQHandler          
0000022d  Default_Handler         
0000022d  GROUP0_IRQHandler       
000001a5  GROUP1_IRQHandler       
00000221  HOSTexit                
0000022d  HardFault_Handler       
0000022d  I2C0_IRQHandler         
0000022d  I2C1_IRQHandler         
0000022d  NMI_Handler             
0000022d  PendSV_Handler          
0000022d  RTC_IRQHandler          
00000225  Reset_Handler           
0000022d  SPI0_IRQHandler         
0000022d  SPI1_IRQHandler         
0000022d  SVC_Handler             
000000c1  SYSCFG_DL_GPIO_init     
00000109  SYSCFG_DL_SYSCTL_init   
00000149  SYSCFG_DL_SYSTICK_init  
000001ed  SYSCFG_DL_init          
00000179  SYSCFG_DL_initPower     
0000022d  SysTick_Handler         
0000022d  TIMA0_IRQHandler        
0000022d  TIMA1_IRQHandler        
0000022d  TIMG0_IRQHandler        
0000022d  TIMG12_IRQHandler       
0000022d  TIMG6_IRQHandler        
0000022d  TIMG7_IRQHandler        
0000022d  TIMG8_IRQHandler        
0000022d  UART0_IRQHandler        
0000022d  UART1_IRQHandler        
0000022d  UART2_IRQHandler        
0000022d  UART3_IRQHandler        
20208000  __STACK_END             
00000200  __STACK_SIZE            
00000000  __TI_ATRegion0_region_sz
00000000  __TI_ATRegion0_src_addr 
00000000  __TI_ATRegion0_trg_addr 
00000000  __TI_ATRegion1_region_sz
00000000  __TI_ATRegion1_src_addr 
00000000  __TI_ATRegion1_trg_addr 
00000000  __TI_ATRegion2_region_sz
00000000  __TI_ATRegion2_src_addr 
00000000  __TI_ATRegion2_trg_addr 
00000000  __TI_CINIT_Base         
00000000  __TI_CINIT_Limit        
00000000  __TI_CINIT_Warm         
ffffffff  __TI_pprof_out_hndl     
ffffffff  __TI_prof_data_size     
ffffffff  __TI_prof_data_start    
00000000  __TI_static_base__      
ffffffff  __binit__               
UNDEFED   __mpu_init              
20207e00  __stack                 
20200000  __start___llvm_prf_bits 
20200000  __start___llvm_prf_cnts 
20200000  __stop___llvm_prf_bits  
20200000  __stop___llvm_prf_cnts  
000001cd  _c_int00_noinit_noargs  
00000229  _system_pre_init        
0000021b  abort                   
ffffffff  binit                   
00000000  interruptVectors        
00000201  main                    


GLOBAL SYMBOLS: SORTED BY Symbol Address 

address   name                    
-------   ----                    
00000000  __TI_ATRegion0_region_sz
00000000  __TI_ATRegion0_src_addr 
00000000  __TI_ATRegion0_trg_addr 
00000000  __TI_ATRegion1_region_sz
00000000  __TI_ATRegion1_src_addr 
00000000  __TI_ATRegion1_trg_addr 
00000000  __TI_ATRegion2_region_sz
00000000  __TI_ATRegion2_src_addr 
00000000  __TI_ATRegion2_trg_addr 
00000000  __TI_CINIT_Base         
00000000  __TI_CINIT_Limit        
00000000  __TI_CINIT_Warm         
00000000  __TI_static_base__      
00000000  interruptVectors        
000000c1  SYSCFG_DL_GPIO_init     
00000109  SYSCFG_DL_SYSCTL_init   
00000149  SYSCFG_DL_SYSTICK_init  
00000179  SYSCFG_DL_initPower     
000001a5  GROUP1_IRQHandler       
000001cd  _c_int00_noinit_noargs  
000001ed  SYSCFG_DL_init          
00000200  __STACK_SIZE            
00000201  main                    
00000211  DL_Common_delayCycles   
0000021b  abort                   
00000220  C$$EXIT                 
00000221  HOSTexit                
00000225  Reset_Handler           
00000229  _system_pre_init        
0000022d  ADC0_IRQHandler         
0000022d  ADC1_IRQHandler         
0000022d  AES_IRQHandler          
0000022d  CANFD0_IRQHandler       
0000022d  DAC0_IRQHandler         
0000022d  DMA_IRQHandler          
0000022d  Default_Handler         
0000022d  GROUP0_IRQHandler       
0000022d  HardFault_Handler       
0000022d  I2C0_IRQHandler         
0000022d  I2C1_IRQHandler         
0000022d  NMI_Handler             
0000022d  PendSV_Handler          
0000022d  RTC_IRQHandler          
0000022d  SPI0_IRQHandler         
0000022d  SPI1_IRQHandler         
0000022d  SVC_Handler             
0000022d  SysTick_Handler         
0000022d  TIMA0_IRQHandler        
0000022d  TIMA1_IRQHandler        
0000022d  TIMG0_IRQHandler        
0000022d  TIMG12_IRQHandler       
0000022d  TIMG6_IRQHandler        
0000022d  TIMG7_IRQHandler        
0000022d  TIMG8_IRQHandler        
0000022d  UART0_IRQHandler        
0000022d  UART1_IRQHandler        
0000022d  UART2_IRQHandler        
0000022d  UART3_IRQHandler        
20200000  __start___llvm_prf_bits 
20200000  __start___llvm_prf_cnts 
20200000  __stop___llvm_prf_bits  
20200000  __stop___llvm_prf_cnts  
20207e00  __stack                 
20208000  __STACK_END             
ffffffff  __TI_pprof_out_hndl     
ffffffff  __TI_prof_data_size     
ffffffff  __TI_prof_data_start    
ffffffff  __binit__               
ffffffff  binit                   
UNDEFED   __mpu_init              

[70 symbols]
