******************************************************************************
            TI ARM Clang Linker PC v4.0.3                      
******************************************************************************
>> Linked Tue Jul 22 09:22:19 2025

OUTPUT FILE NAME:   <empty_LP_MSPM0G3507_nortos_ticlang.out>
ENTRY POINT SYMBOL: "_c_int00_noinit_noargs"  address: 00000395


MEMORY CONFIGURATION

         name            origin    length      used     unused   attr    fill
----------------------  --------  ---------  --------  --------  ----  --------
  FLASH                 00000000   00020000  00000480  0001fb80  R  X
  SRAM                  20200000   00008000  00000200  00007e00  RW X
  BCR_CONFIG            41c00000   000000ff  00000000  000000ff  R   
  BSL_CONFIG            41c00100   00000080  00000000  00000080  R   


SEGMENT ALLOCATION MAP

run origin  load origin   length   init length attrs members
----------  ----------- ---------- ----------- ----- -------
00000000    00000000    00000480   00000480    r-x
  00000000    00000000    000000c0   000000c0    r-- .intvecs
  000000c0    000000c0    00000398   00000398    r-x .text
  00000458    00000458    00000028   00000028    r-- .rodata
20207e00    20207e00    00000200   00000000    rw-
  20207e00    20207e00    00000200   00000000    rw- .stack


SECTION ALLOCATION MAP

 output                                  attributes/
section   page    origin      length       input sections
--------  ----  ----------  ----------   ----------------
.intvecs   0    00000000    000000c0     
                  00000000    000000c0     startup_mspm0g350x_ticlang.o (.intvecs)

.text      0    000000c0    00000398     
                  000000c0    000000e8     driverlib.a : dl_timer.o (.text.DL_Timer_initTimerMode)
                  000001a8    0000006c     ti_msp_dl_config.o (.text.SYSCFG_DL_UART_0_init)
                  00000214    00000054     ti_msp_dl_config.o (.text.SYSCFG_DL_GPIO_init)
                  00000268    00000048     driverlib.a : dl_uart.o (.text.DL_UART_init)
                  000002b0    00000040     ti_msp_dl_config.o (.text.SYSCFG_DL_initPower)
                  000002f0    0000003c     ti_msp_dl_config.o (.text.SYSCFG_DL_SYSCTL_init)
                  0000032c    00000038     ti_msp_dl_config.o (.text.SYSCFG_DL_TIMER_0_init)
                  00000364    00000030     ti_msp_dl_config.o (.text.SYSCFG_DL_SYSTICK_init)
                  00000394    00000020     libc.a : boot_cortex_m.c.obj (.text:_c_int00_noinit_noargs)
                  000003b4    0000001c     driverlib.a : dl_timer.o (.text.DL_Timer_setClockConfig)
                  000003d0    0000001c     ti_msp_dl_config.o (.text.SYSCFG_DL_init)
                  000003ec    0000001c     empty.o (.text.TIMG0_IRQHandler)
                  00000408    0000001c     empty.o (.text.main)
                  00000424    00000012     driverlib.a : dl_uart.o (.text.DL_UART_setClockConfig)
                  00000436    0000000a                 : dl_common.o (.text.DL_Common_delayCycles)
                  00000440    00000006     libc.a : exit.c.obj (.text:abort)
                  00000446    00000004     libsysbm.a : hostexit.c.obj (.text.HOSTexit)
                  0000044a    00000004     startup_mspm0g350x_ticlang.o (.text.Reset_Handler)
                  0000044e    00000004     libc.a : pre_init.c.obj (.text._system_pre_init)
                  00000452    00000002     startup_mspm0g350x_ticlang.o (.text.Default_Handler)
                  00000454    00000004     --HOLE-- [fill = 0]

.cinit     0    00000000    00000000     

.rodata    0    00000458    00000028     
                  00000458    00000014     ti_msp_dl_config.o (.rodata.gTIMER_0TimerConfig)
                  0000046c    0000000a     ti_msp_dl_config.o (.rodata.gUART_0Config)
                  00000476    00000003     ti_msp_dl_config.o (.rodata.gTIMER_0ClockConfig)
                  00000479    00000002     ti_msp_dl_config.o (.rodata.gUART_0ClockConfig)
                  0000047b    00000005     --HOLE-- [fill = 0]

.init_array 
*          0    00000000    00000000     UNINITIALIZED

.binit     0    00000000    00000000     

.stack     0    20207e00    00000200     UNINITIALIZED
                  20207e00    00000004     libc.a : boot_cortex_m.c.obj (.stack)
                  20207e04    000001fc     --HOLE--

__llvm_prf_cnts 
*          0    20200000    00000000     UNINITIALIZED

__llvm_prf_bits 
*          0    20200000    00000000     UNINITIALIZED

MODULE SUMMARY

       Module                         code   ro data   rw data
       ------                         ----   -------   -------
    .\
       ti_msp_dl_config.o             448    35        0      
       startup_mspm0g350x_ticlang.o   6      192       0      
       empty.o                        56     0         0      
    +--+------------------------------+------+---------+---------+
       Total:                         510    227       0      
                                                              
    C:/TI/mspm0_sdk_2_05_01_00/source/ti/driverlib/lib/ticlang/m0p/mspm0g1x0x_g3x0x/driverlib.a
       dl_timer.o                     260    0         0      
       dl_uart.o                      90     0         0      
       dl_common.o                    10     0         0      
    +--+------------------------------+------+---------+---------+
       Total:                         360    0         0      
                                                              
    C:\TI\ccs2020\ccs\tools\compiler\ti-cgt-armllvm_4.0.3.LTS\lib\armv6m-ti-none-eabi/c/libc.a
       boot_cortex_m.c.obj            32     0         0      
       exit.c.obj                     6      0         0      
       pre_init.c.obj                 4      0         0      
    +--+------------------------------+------+---------+---------+
       Total:                         42     0         0      
                                                              
    C:\TI\ccs2020\ccs\tools\compiler\ti-cgt-armllvm_4.0.3.LTS\lib\armv6m-ti-none-eabi/c/libsysbm.a
       hostexit.c.obj                 4      0         0      
    +--+------------------------------+------+---------+---------+
       Total:                         4      0         0      
                                                              
       Stack:                         0      0         512    
    +--+------------------------------+------+---------+---------+
       Grand Total:                   916    227       512    


GLOBAL SYMBOLS: SORTED ALPHABETICALLY BY Name 

address   name                    
-------   ----                    
00000453  ADC0_IRQHandler         
00000453  ADC1_IRQHandler         
00000453  AES_IRQHandler          
00000446  C$$EXIT                 
00000453  CANFD0_IRQHandler       
00000453  DAC0_IRQHandler         
00000437  DL_Common_delayCycles   
000000c1  DL_Timer_initTimerMode  
000003b5  DL_Timer_setClockConfig 
00000269  DL_UART_init            
00000425  DL_UART_setClockConfig  
00000453  DMA_IRQHandler          
00000453  Default_Handler         
00000453  GROUP0_IRQHandler       
00000453  GROUP1_IRQHandler       
00000447  HOSTexit                
00000453  HardFault_Handler       
00000453  I2C0_IRQHandler         
00000453  I2C1_IRQHandler         
00000453  NMI_Handler             
00000453  PendSV_Handler          
00000453  RTC_IRQHandler          
0000044b  Reset_Handler           
00000453  SPI0_IRQHandler         
00000453  SPI1_IRQHandler         
00000453  SVC_Handler             
00000215  SYSCFG_DL_GPIO_init     
000002f1  SYSCFG_DL_SYSCTL_init   
00000365  SYSCFG_DL_SYSTICK_init  
0000032d  SYSCFG_DL_TIMER_0_init  
000001a9  SYSCFG_DL_UART_0_init   
000003d1  SYSCFG_DL_init          
000002b1  SYSCFG_DL_initPower     
00000453  SysTick_Handler         
00000453  TIMA0_IRQHandler        
00000453  TIMA1_IRQHandler        
000003ed  TIMG0_IRQHandler        
00000453  TIMG12_IRQHandler       
00000453  TIMG6_IRQHandler        
00000453  TIMG7_IRQHandler        
00000453  TIMG8_IRQHandler        
00000453  UART0_IRQHandler        
00000453  UART1_IRQHandler        
00000453  UART2_IRQHandler        
00000453  UART3_IRQHandler        
20208000  __STACK_END             
00000200  __STACK_SIZE            
00000000  __TI_ATRegion0_region_sz
00000000  __TI_ATRegion0_src_addr 
00000000  __TI_ATRegion0_trg_addr 
00000000  __TI_ATRegion1_region_sz
00000000  __TI_ATRegion1_src_addr 
00000000  __TI_ATRegion1_trg_addr 
00000000  __TI_ATRegion2_region_sz
00000000  __TI_ATRegion2_src_addr 
00000000  __TI_ATRegion2_trg_addr 
00000000  __TI_CINIT_Base         
00000000  __TI_CINIT_Limit        
00000000  __TI_CINIT_Warm         
ffffffff  __TI_pprof_out_hndl     
ffffffff  __TI_prof_data_size     
ffffffff  __TI_prof_data_start    
00000000  __TI_static_base__      
ffffffff  __binit__               
UNDEFED   __mpu_init              
20207e00  __stack                 
20200000  __start___llvm_prf_bits 
20200000  __start___llvm_prf_cnts 
20200000  __stop___llvm_prf_bits  
20200000  __stop___llvm_prf_cnts  
00000395  _c_int00_noinit_noargs  
0000044f  _system_pre_init        
00000441  abort                   
ffffffff  binit                   
00000000  interruptVectors        
00000409  main                    


GLOBAL SYMBOLS: SORTED BY Symbol Address 

address   name                    
-------   ----                    
00000000  __TI_ATRegion0_region_sz
00000000  __TI_ATRegion0_src_addr 
00000000  __TI_ATRegion0_trg_addr 
00000000  __TI_ATRegion1_region_sz
00000000  __TI_ATRegion1_src_addr 
00000000  __TI_ATRegion1_trg_addr 
00000000  __TI_ATRegion2_region_sz
00000000  __TI_ATRegion2_src_addr 
00000000  __TI_ATRegion2_trg_addr 
00000000  __TI_CINIT_Base         
00000000  __TI_CINIT_Limit        
00000000  __TI_CINIT_Warm         
00000000  __TI_static_base__      
00000000  interruptVectors        
000000c1  DL_Timer_initTimerMode  
000001a9  SYSCFG_DL_UART_0_init   
00000200  __STACK_SIZE            
00000215  SYSCFG_DL_GPIO_init     
00000269  DL_UART_init            
000002b1  SYSCFG_DL_initPower     
000002f1  SYSCFG_DL_SYSCTL_init   
0000032d  SYSCFG_DL_TIMER_0_init  
00000365  SYSCFG_DL_SYSTICK_init  
00000395  _c_int00_noinit_noargs  
000003b5  DL_Timer_setClockConfig 
000003d1  SYSCFG_DL_init          
000003ed  TIMG0_IRQHandler        
00000409  main                    
00000425  DL_UART_setClockConfig  
00000437  DL_Common_delayCycles   
00000441  abort                   
00000446  C$$EXIT                 
00000447  HOSTexit                
0000044b  Reset_Handler           
0000044f  _system_pre_init        
00000453  ADC0_IRQHandler         
00000453  ADC1_IRQHandler         
00000453  AES_IRQHandler          
00000453  CANFD0_IRQHandler       
00000453  DAC0_IRQHandler         
00000453  DMA_IRQHandler          
00000453  Default_Handler         
00000453  GROUP0_IRQHandler       
00000453  GROUP1_IRQHandler       
00000453  HardFault_Handler       
00000453  I2C0_IRQHandler         
00000453  I2C1_IRQHandler         
00000453  NMI_Handler             
00000453  PendSV_Handler          
00000453  RTC_IRQHandler          
00000453  SPI0_IRQHandler         
00000453  SPI1_IRQHandler         
00000453  SVC_Handler             
00000453  SysTick_Handler         
00000453  TIMA0_IRQHandler        
00000453  TIMA1_IRQHandler        
00000453  TIMG12_IRQHandler       
00000453  TIMG6_IRQHandler        
00000453  TIMG7_IRQHandler        
00000453  TIMG8_IRQHandler        
00000453  UART0_IRQHandler        
00000453  UART1_IRQHandler        
00000453  UART2_IRQHandler        
00000453  UART3_IRQHandler        
20200000  __start___llvm_prf_bits 
20200000  __start___llvm_prf_cnts 
20200000  __stop___llvm_prf_bits  
20200000  __stop___llvm_prf_cnts  
20207e00  __stack                 
20208000  __STACK_END             
ffffffff  __TI_pprof_out_hndl     
ffffffff  __TI_prof_data_size     
ffffffff  __TI_prof_data_start    
ffffffff  __binit__               
ffffffff  binit                   
UNDEFED   __mpu_init              

[76 symbols]
