******************************************************************************
            TI ARM Clang Linker PC v4.0.3                      
******************************************************************************
>> Linked Tue Jul 22 09:43:33 2025

OUTPUT FILE NAME:   <empty_LP_MSPM0G3507_nortos_ticlang.out>
ENTRY POINT SYMBOL: "_c_int00_noinit_noargs"  address: 00000749


MEMORY CONFIGURATION

         name            origin    length      used     unused   attr    fill
----------------------  --------  ---------  --------  --------  ----  --------
  FLASH                 00000000   00020000  00000828  0001f7d8  R  X
  SRAM                  20200000   00008000  00000200  00007e00  RW X
  BCR_CONFIG            41c00000   000000ff  00000000  000000ff  R   
  BSL_CONFIG            41c00100   00000080  00000000  00000080  R   


SEGMENT ALLOCATION MAP

run origin  load origin   length   init length attrs members
----------  ----------- ---------- ----------- ----- -------
00000000    00000000    00000828   00000828    r-x
  00000000    00000000    000000c0   000000c0    r-- .intvecs
  000000c0    000000c0    00000738   00000738    r-x .text
  000007f8    000007f8    00000030   00000030    r-- .rodata
20207e00    20207e00    00000200   00000000    rw-
  20207e00    20207e00    00000200   00000000    rw- .stack


SECTION ALLOCATION MAP

 output                                  attributes/
section   page    origin      length       input sections
--------  ----  ----------  ----------   ----------------
.intvecs   0    00000000    000000c0     
                  00000000    000000c0     startup_mspm0g350x_ticlang.o (.intvecs)

.text      0    000000c0    00000738     
                  000000c0    00000224     empty.o (.text.main)
                  000002e4    00000104     driverlib.a : dl_timer.o (.text.DL_Timer_initFourCCPWMMode)
                  000003e8    000000e8                 : dl_timer.o (.text.DL_Timer_initTimerMode)
                  000004d0    0000006c     ti_msp_dl_config.o (.text.SYSCFG_DL_PWM_LED_init)
                  0000053c    0000006c     ti_msp_dl_config.o (.text.SYSCFG_DL_UART_0_init)
                  000005a8    0000004c     ti_msp_dl_config.o (.text.SYSCFG_DL_GPIO_init)
                  000005f4    00000048     driverlib.a : dl_uart.o (.text.DL_UART_init)
                  0000063c    00000048     ti_msp_dl_config.o (.text.SYSCFG_DL_initPower)
                  00000684    0000003c     ti_msp_dl_config.o (.text.SYSCFG_DL_SYSCTL_init)
                  000006c0    00000038     ti_msp_dl_config.o (.text.SYSCFG_DL_TIMER_0_init)
                  000006f8    00000030     ti_msp_dl_config.o (.text.SYSCFG_DL_SYSTICK_init)
                  00000728    00000020     ti_msp_dl_config.o (.text.SYSCFG_DL_init)
                  00000748    00000020     libc.a : boot_cortex_m.c.obj (.text:_c_int00_noinit_noargs)
                  00000768    0000001c     driverlib.a : dl_timer.o (.text.DL_Timer_setCaptCompUpdateMethod)
                  00000784    0000001c                 : dl_timer.o (.text.DL_Timer_setClockConfig)
                  000007a0    00000018                 : dl_timer.o (.text.DL_Timer_setCaptureCompareOutCtl)
                  000007b8    00000012                 : dl_uart.o (.text.DL_UART_setClockConfig)
                  000007ca    00000002     startup_mspm0g350x_ticlang.o (.text.Default_Handler)
                  000007cc    00000010     driverlib.a : dl_timer.o (.text.DL_Timer_setCaptureCompareValue)
                  000007dc    0000000a                 : dl_common.o (.text.DL_Common_delayCycles)
                  000007e6    00000006     libc.a : exit.c.obj (.text:abort)
                  000007ec    00000004     libsysbm.a : hostexit.c.obj (.text.HOSTexit)
                  000007f0    00000004     startup_mspm0g350x_ticlang.o (.text.Reset_Handler)
                  000007f4    00000004     libc.a : pre_init.c.obj (.text._system_pre_init)

.cinit     0    00000000    00000000     

.rodata    0    000007f8    00000030     
                  000007f8    00000014     ti_msp_dl_config.o (.rodata.gTIMER_0TimerConfig)
                  0000080c    0000000a     ti_msp_dl_config.o (.rodata.gUART_0Config)
                  00000816    00000002     ti_msp_dl_config.o (.rodata.gUART_0ClockConfig)
                  00000818    00000008     ti_msp_dl_config.o (.rodata.gPWM_LEDConfig)
                  00000820    00000003     ti_msp_dl_config.o (.rodata.gPWM_LEDClockConfig)
                  00000823    00000003     ti_msp_dl_config.o (.rodata.gTIMER_0ClockConfig)
                  00000826    00000002     --HOLE-- [fill = 0]

.init_array 
*          0    00000000    00000000     UNINITIALIZED

.binit     0    00000000    00000000     

.stack     0    20207e00    00000200     UNINITIALIZED
                  20207e00    00000004     libc.a : boot_cortex_m.c.obj (.stack)
                  20207e04    000001fc     --HOLE--

__llvm_prf_cnts 
*          0    20200000    00000000     UNINITIALIZED

__llvm_prf_bits 
*          0    20200000    00000000     UNINITIALIZED

MODULE SUMMARY

       Module                         code   ro data   rw data
       ------                         ----   -------   -------
    .\
       ti_msp_dl_config.o             560    46        0      
       empty.o                        548    0         0      
       startup_mspm0g350x_ticlang.o   6      192       0      
    +--+------------------------------+------+---------+---------+
       Total:                         1114   238       0      
                                                              
    C:/TI/mspm0_sdk_2_05_01_00/source/ti/driverlib/lib/ticlang/m0p/mspm0g1x0x_g3x0x/driverlib.a
       dl_timer.o                     588    0         0      
       dl_uart.o                      90     0         0      
       dl_common.o                    10     0         0      
    +--+------------------------------+------+---------+---------+
       Total:                         688    0         0      
                                                              
    C:\TI\ccs2020\ccs\tools\compiler\ti-cgt-armllvm_4.0.3.LTS\lib\armv6m-ti-none-eabi/c/libc.a
       boot_cortex_m.c.obj            32     0         0      
       exit.c.obj                     6      0         0      
       pre_init.c.obj                 4      0         0      
    +--+------------------------------+------+---------+---------+
       Total:                         42     0         0      
                                                              
    C:\TI\ccs2020\ccs\tools\compiler\ti-cgt-armllvm_4.0.3.LTS\lib\armv6m-ti-none-eabi/c/libsysbm.a
       hostexit.c.obj                 4      0         0      
    +--+------------------------------+------+---------+---------+
       Total:                         4      0         0      
                                                              
       Stack:                         0      0         512    
    +--+------------------------------+------+---------+---------+
       Grand Total:                   1848   238       512    


GLOBAL SYMBOLS: SORTED ALPHABETICALLY BY Name 

address   name                            
-------   ----                            
000007cb  ADC0_IRQHandler                 
000007cb  ADC1_IRQHandler                 
000007cb  AES_IRQHandler                  
000007ec  C$$EXIT                         
000007cb  CANFD0_IRQHandler               
000007cb  DAC0_IRQHandler                 
000007dd  DL_Common_delayCycles           
000002e5  DL_Timer_initFourCCPWMMode      
000003e9  DL_Timer_initTimerMode          
00000769  DL_Timer_setCaptCompUpdateMethod
000007a1  DL_Timer_setCaptureCompareOutCtl
000007cd  DL_Timer_setCaptureCompareValue 
00000785  DL_Timer_setClockConfig         
000005f5  DL_UART_init                    
000007b9  DL_UART_setClockConfig          
000007cb  DMA_IRQHandler                  
000007cb  Default_Handler                 
000007cb  GROUP0_IRQHandler               
000007cb  GROUP1_IRQHandler               
000007ed  HOSTexit                        
000007cb  HardFault_Handler               
000007cb  I2C0_IRQHandler                 
000007cb  I2C1_IRQHandler                 
000007cb  NMI_Handler                     
000007cb  PendSV_Handler                  
000007cb  RTC_IRQHandler                  
000007f1  Reset_Handler                   
000007cb  SPI0_IRQHandler                 
000007cb  SPI1_IRQHandler                 
000007cb  SVC_Handler                     
000005a9  SYSCFG_DL_GPIO_init             
000004d1  SYSCFG_DL_PWM_LED_init          
00000685  SYSCFG_DL_SYSCTL_init           
000006f9  SYSCFG_DL_SYSTICK_init          
000006c1  SYSCFG_DL_TIMER_0_init          
0000053d  SYSCFG_DL_UART_0_init           
00000729  SYSCFG_DL_init                  
0000063d  SYSCFG_DL_initPower             
000007cb  SysTick_Handler                 
000007cb  TIMA0_IRQHandler                
000007cb  TIMA1_IRQHandler                
000007cb  TIMG0_IRQHandler                
000007cb  TIMG12_IRQHandler               
000007cb  TIMG6_IRQHandler                
000007cb  TIMG7_IRQHandler                
000007cb  TIMG8_IRQHandler                
000007cb  UART0_IRQHandler                
000007cb  UART1_IRQHandler                
000007cb  UART2_IRQHandler                
000007cb  UART3_IRQHandler                
20208000  __STACK_END                     
00000200  __STACK_SIZE                    
00000000  __TI_ATRegion0_region_sz        
00000000  __TI_ATRegion0_src_addr         
00000000  __TI_ATRegion0_trg_addr         
00000000  __TI_ATRegion1_region_sz        
00000000  __TI_ATRegion1_src_addr         
00000000  __TI_ATRegion1_trg_addr         
00000000  __TI_ATRegion2_region_sz        
00000000  __TI_ATRegion2_src_addr         
00000000  __TI_ATRegion2_trg_addr         
00000000  __TI_CINIT_Base                 
00000000  __TI_CINIT_Limit                
00000000  __TI_CINIT_Warm                 
ffffffff  __TI_pprof_out_hndl             
ffffffff  __TI_prof_data_size             
ffffffff  __TI_prof_data_start            
00000000  __TI_static_base__              
ffffffff  __binit__                       
UNDEFED   __mpu_init                      
20207e00  __stack                         
20200000  __start___llvm_prf_bits         
20200000  __start___llvm_prf_cnts         
20200000  __stop___llvm_prf_bits          
20200000  __stop___llvm_prf_cnts          
00000749  _c_int00_noinit_noargs          
000007f5  _system_pre_init                
000007e7  abort                           
ffffffff  binit                           
00000000  interruptVectors                
000000c1  main                            


GLOBAL SYMBOLS: SORTED BY Symbol Address 

address   name                            
-------   ----                            
00000000  __TI_ATRegion0_region_sz        
00000000  __TI_ATRegion0_src_addr         
00000000  __TI_ATRegion0_trg_addr         
00000000  __TI_ATRegion1_region_sz        
00000000  __TI_ATRegion1_src_addr         
00000000  __TI_ATRegion1_trg_addr         
00000000  __TI_ATRegion2_region_sz        
00000000  __TI_ATRegion2_src_addr         
00000000  __TI_ATRegion2_trg_addr         
00000000  __TI_CINIT_Base                 
00000000  __TI_CINIT_Limit                
00000000  __TI_CINIT_Warm                 
00000000  __TI_static_base__              
00000000  interruptVectors                
000000c1  main                            
00000200  __STACK_SIZE                    
000002e5  DL_Timer_initFourCCPWMMode      
000003e9  DL_Timer_initTimerMode          
000004d1  SYSCFG_DL_PWM_LED_init          
0000053d  SYSCFG_DL_UART_0_init           
000005a9  SYSCFG_DL_GPIO_init             
000005f5  DL_UART_init                    
0000063d  SYSCFG_DL_initPower             
00000685  SYSCFG_DL_SYSCTL_init           
000006c1  SYSCFG_DL_TIMER_0_init          
000006f9  SYSCFG_DL_SYSTICK_init          
00000729  SYSCFG_DL_init                  
00000749  _c_int00_noinit_noargs          
00000769  DL_Timer_setCaptCompUpdateMethod
00000785  DL_Timer_setClockConfig         
000007a1  DL_Timer_setCaptureCompareOutCtl
000007b9  DL_UART_setClockConfig          
000007cb  ADC0_IRQHandler                 
000007cb  ADC1_IRQHandler                 
000007cb  AES_IRQHandler                  
000007cb  CANFD0_IRQHandler               
000007cb  DAC0_IRQHandler                 
000007cb  DMA_IRQHandler                  
000007cb  Default_Handler                 
000007cb  GROUP0_IRQHandler               
000007cb  GROUP1_IRQHandler               
000007cb  HardFault_Handler               
000007cb  I2C0_IRQHandler                 
000007cb  I2C1_IRQHandler                 
000007cb  NMI_Handler                     
000007cb  PendSV_Handler                  
000007cb  RTC_IRQHandler                  
000007cb  SPI0_IRQHandler                 
000007cb  SPI1_IRQHandler                 
000007cb  SVC_Handler                     
000007cb  SysTick_Handler                 
000007cb  TIMA0_IRQHandler                
000007cb  TIMA1_IRQHandler                
000007cb  TIMG0_IRQHandler                
000007cb  TIMG12_IRQHandler               
000007cb  TIMG6_IRQHandler                
000007cb  TIMG7_IRQHandler                
000007cb  TIMG8_IRQHandler                
000007cb  UART0_IRQHandler                
000007cb  UART1_IRQHandler                
000007cb  UART2_IRQHandler                
000007cb  UART3_IRQHandler                
000007cd  DL_Timer_setCaptureCompareValue 
000007dd  DL_Common_delayCycles           
000007e7  abort                           
000007ec  C$$EXIT                         
000007ed  HOSTexit                        
000007f1  Reset_Handler                   
000007f5  _system_pre_init                
20200000  __start___llvm_prf_bits         
20200000  __start___llvm_prf_cnts         
20200000  __stop___llvm_prf_bits          
20200000  __stop___llvm_prf_cnts          
20207e00  __stack                         
20208000  __STACK_END                     
ffffffff  __TI_pprof_out_hndl             
ffffffff  __TI_prof_data_size             
ffffffff  __TI_prof_data_start            
ffffffff  __binit__                       
ffffffff  binit                           
UNDEFED   __mpu_init                      

[81 symbols]
